Error: Please provide name, email, phone, and password.
    at F:\MERN\RapidAssist\backend\controllers\authController.js:44:11
    at asyncUtilWrap (F:\MERN\RapidAssist\backend\node_modules\express-async-handler\index.js:3:20)
    at Layer.handleRequest (F:\MERN\RapidAssist\backend\node_modules\router\lib\layer.js:152:17)
    at next (F:\MERN\RapidAssist\backend\node_modules\router\lib\route.js:157:13)
    at Route.dispatch (F:\MERN\RapidAssist\backend\node_modules\router\lib\route.js:117:3)
    at handle (F:\MERN\RapidAssist\backend\node_modules\router\index.js:435:11)
    at Layer.handleRequest (F:\MERN\RapidAssist\backend\node_modules\router\lib\layer.js:152:17)
    at F:\MERN\RapidAssist\backend\node_modules\router\index.js:295:15
    at processParams (F:\MERN\RapidAssist\backend\node_modules\router\index.js:582:12)
    at next (F:\MERN\RapidAssist\backend\node_modules\router\index.js:291:5)
Error: Please provide name, email, phone, and password.
    at F:\MERN\RapidAssist\backend\controllers\authController.js:44:11
    at asyncUtilWrap (F:\MERN\RapidAssist\backend\node_modules\express-async-handler\index.js:3:20)
    at Layer.handleRequest (F:\MERN\RapidAssist\backend\node_modules\router\lib\layer.js:152:17)
    at next (F:\MERN\RapidAssist\backend\node_modules\router\lib\route.js:157:13)
    at Route.dispatch (F:\MERN\RapidAssist\backend\node_modules\router\lib\route.js:117:3)
    at handle (F:\MERN\RapidAssist\backend\node_modules\router\index.js:435:11)
    at Layer.handleRequest (F:\MERN\RapidAssist\backend\node_modules\router\lib\layer.js:152:17)
    at F:\MERN\RapidAssist\backend\node_modules\router\index.js:295:15
    at processParams (F:\MERN\RapidAssist\backend\node_modules\router\index.js:582:12)
    at next (F:\MERN\RapidAssist\backend\node_modules\router\index.js:291:5)
Error: Please provide name, email, phone, password, skills, experience, serviceCharges, and location.
    at F:\MERN\RapidAssist\backend\controllers\authController.js:153:11
    at asyncUtilWrap (F:\MERN\RapidAssist\backend\node_modules\express-async-handler\index.js:3:20)
    at Layer.handleRequest (F:\MERN\RapidAssist\backend\node_modules\router\lib\layer.js:152:17)
    at next (F:\MERN\RapidAssist\backend\node_modules\router\lib\route.js:157:13)
    at Route.dispatch (F:\MERN\RapidAssist\backend\node_modules\router\lib\route.js:117:3)
    at handle (F:\MERN\RapidAssist\backend\node_modules\router\index.js:435:11)
    at Layer.handleRequest (F:\MERN\RapidAssist\backend\node_modules\router\lib\layer.js:152:17)
    at F:\MERN\RapidAssist\backend\node_modules\router\index.js:295:15
    at processParams (F:\MERN\RapidAssist\backend\node_modules\router\index.js:582:12)
    at next (F:\MERN\RapidAssist\backend\node_modules\router\index.js:291:5)
ValidationError: Worker validation failed: experience: Cast to Number failed for value "3 years" (type string) at path "experience"
    at Document.invalidate (F:\MERN\RapidAssist\backend\node_modules\mongoose\lib\document.js:3444:32)
    at model.$set (F:\MERN\RapidAssist\backend\node_modules\mongoose\lib\document.js:1530:12)
    at model.$set (F:\MERN\RapidAssist\backend\node_modules\mongoose\lib\document.js:1170:16)
    at model.Document (F:\MERN\RapidAssist\backend\node_modules\mongoose\lib\document.js:181:12)
    at model.Model (F:\MERN\RapidAssist\backend\node_modules\mongoose\lib\model.js:137:12)
    at new model (F:\MERN\RapidAssist\backend\node_modules\mongoose\lib\model.js:4861:15)
    at model.create (F:\MERN\RapidAssist\backend\node_modules\mongoose\lib\model.js:2744:16)
    at F:\MERN\RapidAssist\backend\controllers\authController.js:172:31
